[2026-09-04T17:57:40.237Z] [INFO]: Seeding demo produce listings...
[2026-09-04T17:57:40.247Z] [WARN]: No farmer user found to associate seeded produce. Skipping seed.
[2026-09-04T17:57:40.254Z] [INFO]: Server running on port 5001
[2026-09-04T17:59:10.081Z] [INFO]: Seeding demo produce listings...
[2026-09-04T17:59:10.099Z] [WARN]: No farmer user found to associate seeded produce. Skipping seed.
[2026-09-04T17:59:10.106Z] [INFO]: Server running on port 5001
[2026-09-04T18:00:19.855Z] [INFO]: Seeding demo produce listings...
[2026-09-04T18:00:19.884Z] [WARN]: No farmer user found to associate seeded produce. Skipping seed.
[2026-09-04T18:00:19.891Z] [INFO]: Server running on port 5001
[2026-09-04T18:01:49.777Z] [WARN]: Seed data execution skipped: seedDemoData is not a function
[2026-09-04T18:01:49.787Z] [INFO]: Server running on port 5001
[2026-09-04T18:04:19.472Z] [WARN]: Seed function not found in seedDemoData.js
[2026-09-04T18:04:19.481Z] [INFO]: Server running on port 5001
[2026-09-04T18:09:24.000Z] [INFO]: Seeding demo produce listings...
[2026-09-04T18:09:24.030Z] [INFO]: No farmer user found. Creating a default demo farmer...
[2026-09-04T18:09:24.219Z] [INFO]: Demo farmer created: farmer.demo@example.com
[2026-09-04T18:09:24.234Z] [INFO]: Demo produce data seeded successfully!
[2026-09-04T18:09:24.240Z] [INFO]: Server running on port 5001
[2026-09-04T18:11:00.184Z] [INFO]: Database already contains produce data. Skipping seed.
[2026-09-04T18:11:00.191Z] [INFO]: Server running on port 5001
[2026-09-04T18:44:08.548Z] [INFO]: Database already contains produce data. Skipping seed.
[2026-09-04T18:44:08.551Z] [INFO]: Server running on port 5001
[2026-09-04T18:49:02.811Z] [INFO]: Database already contains produce data. Skipping seed.
[2026-09-04T18:49:02.815Z] [INFO]: Server running on port 5001
[2026-09-04T19:20:20.375Z] [INFO]: Database already contains produce data. Skipping seed.
[2026-09-04T19:20:20.378Z] [INFO]: Server running on port 5001
[2026-09-04T22:19:47.859Z] [INFO]: Database already contains produce data. Skipping seed.
[2026-09-04T22:19:47.865Z] [INFO]: Server running on port 5001
[2026-09-05T14:30:40.452Z] [INFO]: Database already contains produce data. Skipping seed.
[2026-09-05T14:30:40.458Z] [INFO]: Server running on port 5001
[2026-09-10T14:27:42.097Z] [INFO]: Database already contains produce data. Skipping seed.
[2026-09-10T14:27:42.103Z] [INFO]: Server running on port 5001
[2026-09-10T18:02:02.680Z] [INFO]: Database already contains produce data. Skipping seed.
[2026-09-10T18:02:02.684Z] [INFO]: Server running on port 5001
[2026-09-10T20:24:22.497Z] [INFO]: Database already contains produce data. Skipping seed.
[2026-09-10T20:24:22.502Z] [INFO]: Server running on port 5001
[2026-09-11T02:33:28.826Z] [INFO]: Database already contains produce data. Skipping seed.
[2026-09-11T02:33:28.834Z] [INFO]: Server running on port 5001
[2026-09-11T03:26:40.572Z] [INFO]: Database already contains produce data. Skipping seed.
[2026-09-11T03:26:40.579Z] [INFO]: Server running on port 5001
[2026-09-22T03:16:33.991Z] [INFO]: Database already contains produce data. Skipping seed.
[2026-09-22T03:16:33.997Z] [INFO]: Server running on port 5001
[2026-09-22T17:23:18.874Z] [INFO]: Database already contains produce data. Skipping seed.
[2026-09-22T17:23:18.879Z] [INFO]: Server running on port 5001
[2026-09-22T18:21:50.604Z] [INFO]: Database already contains produce data. Skipping seed.
[2026-09-22T18:21:50.609Z] [INFO]: Server running on port 5001
[2026-09-22T19:07:09.719Z] [INFO]: Database already contains produce data. Skipping seed.
[2026-09-22T19:07:09.725Z] [INFO]: Server running on port 5001
[2026-09-23T10:09:39.535Z] [INFO]: Database already contains produce data. Skipping seed.
[2026-09-23T10:09:39.540Z] [INFO]: Server running on port 5001
